gaura@GauravSylvia MINGW64 /c/GitProjects/system-onboarding-lab
$

gaura@GauravSylvia MINGW64 /c/GitProjects/system-onboarding-lab
$ git config --global user.name "Gaurav Saymi"

gaura@GauravSylvia MINGW64 /c/GitProjects/system-onboarding-lab
$ git config --global user.email "gauravsaymi95@gmail.com"

gaura@GauravSylvia MINGW64 /c/GitProjects/system-onboarding-lab
$

gaura@GauravSylvia MINGW64 /c/GitProjects/system-onboarding-lab
$ git config --list
diff.astextplain.textconv=astextplain
filter.lfs.clean=git-lfs clean -- %f
filter.lfs.smudge=git-lfs smudge -- %f
filter.lfs.process=git-lfs filter-process
filter.lfs.required=true
http.sslbackend=schannel
core.autocrlf=true
core.fscache=true
core.symlinks=false
pull.rebase=false
credential.helper=manager
credential.https://dev.azure.com.usehttppath=true
init.defaultbranch=master
user.name=Gaurav Saymi
user.email=gauravsaymi95@gmail.com

gaura@GauravSylvia MINGW64 /c/GitProjects/system-onboarding-lab
$

gaura@GauravSylvia MINGW64 /c/GitProjects/system-onboarding-lab
$ ssh-keygen -t ed25519 -C "gauravsaymi95@gmail.com"
Generating public/private ed25519 key pair.
Enter file in which to save the key (/c/Users/gaura/.ssh/id_ed25519):
Created directory '/c/Users/gaura/.ssh'.
Enter passphrase for "/c/Users/gaura/.ssh/id_ed25519" (empty for no passphrase):
Enter same passphrase again:
Your identification has been saved in /c/Users/gaura/.ssh/id_ed25519
Your public key has been saved in /c/Users/gaura/.ssh/id_ed25519.pub
The key fingerprint is:
SHA256:sM3gEvTbkv8r4TKLbpmSVMu9gXMzJVqyaUeDvcqY0bQ gauravsaymi95@gmail.com
The key's randomart image is:
+--[ED25519 256]--+
|    .            |
|   . .           |
|    .o+          |
|    =o*X.        |
|   =.%*=S        |
|  o E.Oo.        |
| . B B *..       |
|  = *.+ o.       |
|   +o .+ .o.     |
+----[SHA256]-----+

gaura@GauravSylvia MINGW64 /c/GitProjects/system-onboarding-lab
$

gaura@GauravSylvia MINGW64 /c/GitProjects/system-onboarding-lab
$

gaura@GauravSylvia MINGW64 /c/GitProjects/system-onboarding-lab
$ ps
      PID    PPID    PGID     WINPID   TTY         UID    STIME COMMAND
     2009    2008    2009       2256  pty0      197609 21:39:22 /usr/bin/bash
     2063    2009    2063       8636  pty0      197609 21:47:42 /usr/bin/ps
     2008       1    2008       7684  ?         197609 21:39:22 /usr/bin/mintty

gaura@GauravSylvia MINGW64 /c/GitProjects/system-onboarding-lab
$

gaura@GauravSylvia MINGW64 /c/GitProjects/system-onboarding-lab
$

gaura@GauravSylvia MINGW64 /c/GitProjects/system-onboarding-lab
$ ssh-agent -s
SSH_AUTH_SOCK=/tmp/ssh-lWLWPNn1eMw2/agent.2073; export SSH_AUTH_SOCK;
SSH_AGENT_PID=2074; export SSH_AGENT_PID;
echo Agent pid 2074;

gaura@GauravSylvia MINGW64 /c/GitProjects/system-onboarding-lab
$

gaura@GauravSylvia MINGW64 /c/GitProjects/system-onboarding-lab
$ eval ($"(ssh-agent -s)"
bash: syntax error near unexpected token `"(ssh-agent -s)"'

gaura@GauravSylvia MINGW64 /c/GitProjects/system-onboarding-lab
$ eval "$(ssh-agent -s)"
Agent pid 2085

gaura@GauravSylvia MINGW64 /c/GitProjects/system-onboarding-lab
$

gaura@GauravSylvia MINGW64 /c/GitProjects/system-onboarding-lab
$ ssh-add ~/.ssh/id_ed25519
Identity added: /c/Users/gaura/.ssh/id_ed25519 (gauravsaymi95@gmail.com)

gaura@GauravSylvia MINGW64 /c/GitProjects/system-onboarding-lab
$

gaura@GauravSylvia MINGW64 /c/GitProjects/system-onboarding-lab
$ ssh-add -l
256 SHA256:sM3gEvTbkv8r4TKLbpmSVMu9gXMzJVqyaUeDvcqY0bQ gauravsaymi95@gmail.com (ED25519)

gaura@GauravSylvia MINGW64 /c/GitProjects/system-onboarding-lab
$

gaura@GauravSylvia MINGW64 /c/GitProjects/system-onboarding-lab
$ cat ~/.ssh/id_ed25519.pub
ssh-ed25519 AAAAC3NzaC1lZDI1NTE5AAAAIEHCAqFENgQyQl+c9RyTW4K4VphY8dRS2qGzl94yPKOd gauravsaymi95@gmail.com

gaura@GauravSylvia MINGW64 /c/GitProjects/system-onboarding-lab
$

gaura@GauravSylvia MINGW64 /c/GitProjects/system-onboarding-lab
$ ssh -T git@github.com
The authenticity of host 'github.com (140.82.114.3)' can't be established.
ED25519 key fingerprint is SHA256:+DiY3wvvV6TuJJhbpZisF/zLDA0zPMSvHdkr4UvCOqU.
This key is not known by any other names.
Are you sure you want to continue connecting (yes/no/[fingerprint])? yes
Warning: Permanently added 'github.com' (ED25519) to the list of known hosts.
Hi gs-sage! You've successfully authenticated, but GitHub does not provide shell access.

gaura@GauravSylvia MINGW64 /c/GitProjects/system-onboarding-lab
$ pwd
/c/GitProjects/system-onboarding-lab

gaura@GauravSylvia MINGW64 /c/GitProjects/system-onboarding-lab
$

gaura@GauravSylvia MINGW64 /c/GitProjects/system-onboarding-lab
$

gaura@GauravSylvia MINGW64 /c/GitProjects/system-onboarding-lab
$ ls

gaura@GauravSylvia MINGW64 /c/GitProjects/system-onboarding-lab
$

gaura@GauravSylvia MINGW64 /c/GitProjects/system-onboarding-lab
$

gaura@GauravSylvia MINGW64 /c/GitProjects/system-onboarding-lab
$ git init
Initialized empty Git repository in C:/GitProjects/system-onboarding-lab/.git/

gaura@GauravSylvia MINGW64 /c/GitProjects/system-onboarding-lab (master)
$ echo "# System Onboarding Lab" > Readme.md

gaura@GauravSylvia MINGW64 /c/GitProjects/system-onboarding-lab (master)
$ git add Readme.md
warning: in the working copy of 'Readme.md', LF will be replaced by CRLF the next time Git touches it

gaura@GauravSylvia MINGW64 /c/GitProjects/system-onboarding-lab (master)
$ ls
Readme.md

gaura@GauravSylvia MINGW64 /c/GitProjects/system-onboarding-lab (master)
$


gaura@GauravSylvia MINGW64 /c/GitProjects/system-onboarding-lab (master)
$

gaura@GauravSylvia MINGW64 /c/GitProjects/system-onboarding-lab (master)
$ mv Readme.md README.md

gaura@GauravSylvia MINGW64 /c/GitProjects/system-onboarding-lab (master)
$ ls
README.md

gaura@GauravSylvia MINGW64 /c/GitProjects/system-onboarding-lab (master)
$

gaura@GauravSylvia MINGW64 /c/GitProjects/system-onboarding-lab (master)
$
c
gaura@GauravSylvia MINGW64 /c/GitProjects/system-onboarding-lab (master)
$ cat README.md
# System Onboarding Lab

gaura@GauravSylvia MINGW64 /c/GitProjects/system-onboarding-lab (master)
$

gaura@GauravSylvia MINGW64 /c/GitProjects/system-onboarding-lab (master)
$ git add README.md

gaura@GauravSylvia MINGW64 /c/GitProjects/system-onboarding-lab (master)
$ git commit -m "chore: initial commit to README.md"
[master (root-commit) 899f69a] chore: initial commit to README.md
 1 file changed, 1 insertion(+)
 create mode 100644 Readme.md

gaura@GauravSylvia MINGW64 /c/GitProjects/system-onboarding-lab (master)
$ curl -u "GauravSaymi" https://api.github.com/user/repos -d '{"name":"system-onboarding-lab","private":"false"}'
Enter host password for user 'GauravSaymi':
{
  "message": "Requires authentication",
  "documentation_url": "https://docs.github.com/rest",
  "status": "401"
}
gaura@GauravSylvia MINGW64 /c/GitProjects/system-onboarding-lab (master)
$ curl -u "GauravSaymi" https://api.github.com/user/repos -d '{"name":"system-onboarding-lab","private":"false"}'
Enter host password for user 'GauravSaymi':
{
  "id": 1071937335,
  "node_id": "R_kgDOP-R3Nw",
  "name": "system-onboarding-lab",
  "full_name": "gs-sage/system-onboarding-lab",
  "private": true,
  "owner": {
    "login": "gs-sage",
    "id": 134402655,
    "node_id": "U_kgDOCALSXw",
    "avatar_url": "https://avatars.githubusercontent.com/u/134402655?v=4",
    "gravatar_id": "",
    "url": "https://api.github.com/users/gs-sage",
    "html_url": "https://github.com/gs-sage",
    "followers_url": "https://api.github.com/users/gs-sage/followers",
    "following_url": "https://api.github.com/users/gs-sage/following{/other_user}",
    "gists_url": "https://api.github.com/users/gs-sage/gists{/gist_id}",
    "starred_url": "https://api.github.com/users/gs-sage/starred{/owner}{/repo}",
    "subscriptions_url": "https://api.github.com/users/gs-sage/subscriptions",
    "organizations_url": "https://api.github.com/users/gs-sage/orgs",
    "repos_url": "https://api.github.com/users/gs-sage/repos",
    "events_url": "https://api.github.com/users/gs-sage/events{/privacy}",
    "received_events_url": "https://api.github.com/users/gs-sage/received_events",
    "type": "User",
    "user_view_type": "public",
    "site_admin": false
  },
  "html_url": "https://github.com/gs-sage/system-onboarding-lab",
  "description": null,
  "fork": false,
  "url": "https://api.github.com/repos/gs-sage/system-onboarding-lab",
  "forks_url": "https://api.github.com/repos/gs-sage/system-onboarding-lab/forks",
  "keys_url": "https://api.github.com/repos/gs-sage/system-onboarding-lab/keys{/key_id}",
  "collaborators_url": "https://api.github.com/repos/gs-sage/system-onboarding-lab/collaborators{/collaborator}",
  "teams_url": "https://api.github.com/repos/gs-sage/system-onboarding-lab/teams",
  "hooks_url": "https://api.github.com/repos/gs-sage/system-onboarding-lab/hooks",
  "issue_events_url": "https://api.github.com/repos/gs-sage/system-onboarding-lab/issues/events{/number}",
  "events_url": "https://api.github.com/repos/gs-sage/system-onboarding-lab/events",
  "assignees_url": "https://api.github.com/repos/gs-sage/system-onboarding-lab/assignees{/user}",
  "branches_url": "https://api.github.com/repos/gs-sage/system-onboarding-lab/branches{/branch}",
  "tags_url": "https://api.github.com/repos/gs-sage/system-onboarding-lab/tags",
  "blobs_url": "https://api.github.com/repos/gs-sage/system-onboarding-lab/git/blobs{/sha}",
  "git_tags_url": "https://api.github.com/repos/gs-sage/system-onboarding-lab/git/tags{/sha}",
  "git_refs_url": "https://api.github.com/repos/gs-sage/system-onboarding-lab/git/refs{/sha}",
  "trees_url": "https://api.github.com/repos/gs-sage/system-onboarding-lab/git/trees{/sha}",
  "statuses_url": "https://api.github.com/repos/gs-sage/system-onboarding-lab/statuses/{sha}",
  "languages_url": "https://api.github.com/repos/gs-sage/system-onboarding-lab/languages",
  "stargazers_url": "https://api.github.com/repos/gs-sage/system-onboarding-lab/stargazers",
  "contributors_url": "https://api.github.com/repos/gs-sage/system-onboarding-lab/contributors",
  "subscribers_url": "https://api.github.com/repos/gs-sage/system-onboarding-lab/subscribers",
  "subscription_url": "https://api.github.com/repos/gs-sage/system-onboarding-lab/subscription",
  "commits_url": "https://api.github.com/repos/gs-sage/system-onboarding-lab/commits{/sha}",
  "git_commits_url": "https://api.github.com/repos/gs-sage/system-onboarding-lab/git/commits{/sha}",
  "comments_url": "https://api.github.com/repos/gs-sage/system-onboarding-lab/comments{/number}",
  "issue_comment_url": "https://api.github.com/repos/gs-sage/system-onboarding-lab/issues/comments{/number}",
  "contents_url": "https://api.github.com/repos/gs-sage/system-onboarding-lab/contents/{+path}",
  "compare_url": "https://api.github.com/repos/gs-sage/system-onboarding-lab/compare/{base}...{head}",
  "merges_url": "https://api.github.com/repos/gs-sage/system-onboarding-lab/merges",
  "archive_url": "https://api.github.com/repos/gs-sage/system-onboarding-lab/{archive_format}{/ref}",
  "downloads_url": "https://api.github.com/repos/gs-sage/system-onboarding-lab/downloads",
  "issues_url": "https://api.github.com/repos/gs-sage/system-onboarding-lab/issues{/number}",
  "pulls_url": "https://api.github.com/repos/gs-sage/system-onboarding-lab/pulls{/number}",
  "milestones_url": "https://api.github.com/repos/gs-sage/system-onboarding-lab/milestones{/number}",
  "notifications_url": "https://api.github.com/repos/gs-sage/system-onboarding-lab/notifications{?since,all,participating}",
  "labels_url": "https://api.github.com/repos/gs-sage/system-onboarding-lab/labels{/name}",
  "releases_url": "https://api.github.com/repos/gs-sage/system-onboarding-lab/releases{/id}",
  "deployments_url": "https://api.github.com/repos/gs-sage/system-onboarding-lab/deployments",
  "created_at": "2025-10-08T03:10:50Z",
  "updated_at": "2025-10-08T03:10:50Z",
  "pushed_at": "2025-10-08T03:10:50Z",
  "git_url": "git://github.com/gs-sage/system-onboarding-lab.git",
  "ssh_url": "git@github.com:gs-sage/system-onboarding-lab.git",
  "clone_url": "https://github.com/gs-sage/system-onboarding-lab.git",
  "svn_url": "https://github.com/gs-sage/system-onboarding-lab",
  "homepage": null,
  "size": 0,
  "stargazers_count": 0,
  "watchers_count": 0,
  "language": null,
  "has_issues": true,
  "has_projects": true,
  "has_downloads": true,
  "has_wiki": false,
  "has_pages": false,
  "has_discussions": false,
  "forks_count": 0,
  "mirror_url": null,
  "archived": false,
  "disabled": false,
  "open_issues_count": 0,
  "license": null,
  "allow_forking": true,
  "is_template": false,
  "web_commit_signoff_required": false,
  "topics": [

  ],
  "visibility": "private",
  "forks": 0,
  "open_issues": 0,
  "watchers": 0,
  "default_branch": "main",
  "permissions": {
    "admin": true,
    "maintain": true,
    "push": true,
    "triage": true,
    "pull": true
  },
  "allow_squash_merge": true,
  "allow_merge_commit": true,
  "allow_rebase_merge": true,
  "allow_auto_merge": false,
  "delete_branch_on_merge": false,
  "allow_update_branch": false,
  "use_squash_pr_title_as_default": false,
  "squash_merge_commit_message": "COMMIT_MESSAGES",
  "squash_merge_commit_title": "COMMIT_OR_PR_TITLE",
  "merge_commit_message": "PR_TITLE",
  "merge_commit_title": "MERGE_MESSAGE",
  "network_count": 0,
  "subscribers_count": 0
}

gaura@GauravSylvia MINGW64 /c/GitProjects/system-onboarding-lab (master)
$ ls
README.md

gaura@GauravSylvia MINGW64 /c/GitProjects/system-onboarding-lab (master)
$

gaura@GauravSylvia MINGW64 /c/GitProjects/system-onboarding-lab (master)
$ git status
On branch master
nothing to commit, working tree clean

gaura@GauravSylvia MINGW64 /c/GitProjects/system-onboarding-lab (master)
$ git branch
* master

gaura@GauravSylvia MINGW64 /c/GitProjects/system-onboarding-lab (master)
$

gaura@GauravSylvia MINGW64 /c/GitProjects/system-onboarding-lab (master)
$ git branch setup

gaura@GauravSylvia MINGW64 /c/GitProjects/system-onboarding-lab (master)
$ git branch
* master
  setup

gaura@GauravSylvia MINGW64 /c/GitProjects/system-onboarding-lab (master)
$ git checkout setup
Switched to branch 'setup'

gaura@GauravSylvia MINGW64 /c/GitProjects/system-onboarding-lab (setup)
$ ls
README.md

gaura@GauravSylvia MINGW64 /c/GitProjects/system-onboarding-lab (setup)
$

gaura@GauravSylvia MINGW64 /c/GitProjects/system-onboarding-lab (setup)
$ git branch
  master
* setup

gaura@GauravSylvia MINGW64 /c/GitProjects/system-onboarding-lab (setup)
$

gaura@GauravSylvia MINGW64 /c/GitProjects/system-onboarding-lab (setup)
$ ls
README.md

gaura@GauravSylvia MINGW64 /c/GitProjects/system-onboarding-lab (setup)
$ vi README.md

gaura@GauravSylvia MINGW64 /c/GitProjects/system-onboarding-lab (setup)
$

gaura@GauravSylvia MINGW64 /c/GitProjects/system-onboarding-lab (setup)
$ cat > .gitignore << "EOF"
> __pycache__/
> .venv/
> *.pyc
> output/
> EOF

gaura@GauravSylvia MINGW64 /c/GitProjects/system-onboarding-lab (setup)
$
l
gaura@GauravSylvia MINGW64 /c/GitProjects/system-onboarding-lab (setup)
$ sl
bash: sl: command not found

gaura@GauravSylvia MINGW64 /c/GitProjects/system-onboarding-lab (setup)
$ ls
README.md

gaura@GauravSylvia MINGW64 /c/GitProjects/system-onboarding-lab (setup)
$ ls -ld
drwxr-xr-x 1 gaura 197609 0 Oct  7 22:19 ./

gaura@GauravSylvia MINGW64 /c/GitProjects/system-onboarding-lab (setup)
$

gaura@GauravSylvia MINGW64 /c/GitProjects/system-onboarding-lab (setup)
$

gaura@GauravSylvia MINGW64 /c/GitProjects/system-onboarding-lab (setup)
$ ls -a
./  ../  .git/  .gitignore  README.md

gaura@GauravSylvia MINGW64 /c/GitProjects/system-onboarding-lab (setup)
$ ls -l
total 1
-rw-r--r-- 1 gaura 197609 139 Oct  7 22:19 README.md

gaura@GauravSylvia MINGW64 /c/GitProjects/system-onboarding-lab (setup)
$

gaura@GauravSylvia MINGW64 /c/GitProjects/system-onboarding-lab (setup)
$

gaura@GauravSylvia MINGW64 /c/GitProjects/system-onboarding-lab (setup)
$ ls -al
total 10
drwxr-xr-x 1 gaura 197609   0 Oct  7 22:19 ./
drwxr-xr-x 1 gaura 197609   0 Oct  7 21:38 ../
drwxr-xr-x 1 gaura 197609   0 Oct  7 22:16 .git/
-rw-r--r-- 1 gaura 197609  34 Oct  7 22:19 .gitignore
-rw-r--r-- 1 gaura 197609 139 Oct  7 22:19 README.md

gaura@GauravSylvia MINGW64 /c/GitProjects/system-onboarding-lab (setup)
$

gaura@GauravSylvia MINGW64 /c/GitProjects/system-onboarding-lab (setup)
$ cat README.md
# System Onboarding Lab
Repository to simulate DevOps onboarding setup.

## Projects
- 01-git-setup
- 02-linux-scripts
- 03-python-tests



gaura@GauravSylvia MINGW64 /c/GitProjects/system-onboarding-lab (setup)
$

gaura@GauravSylvia MINGW64 /c/GitProjects/system-onboarding-lab (setup)
$ git add README.md .gitignore
warning: in the working copy of '.gitignore', LF will be replaced by CRLF the next time Git touches it

gaura@GauravSylvia MINGW64 /c/GitProjects/system-onboarding-lab (setup)
$ git commit -m "chore: add initial README and gitignore"
[setup 928f505] chore: add initial README and gitignore
 1 file changed, 4 insertions(+)
 create mode 100644 .gitignore

gaura@GauravSylvia MINGW64 /c/GitProjects/system-onboarding-lab (setup)
$

gaura@GauravSylvia MINGW64 /c/GitProjects/system-onboarding-lab (setup)
$ git push -u origin setup
fatal: 'origin' does not appear to be a git repository
fatal: Could not read from remote repository.

Please make sure you have the correct access rights
and the repository exists.

gaura@GauravSylvia MINGW64 /c/GitProjects/system-onboarding-lab (setup)
$ git remote -v

gaura@GauravSylvia MINGW64 /c/GitProjects/system-onboarding-lab (setup)
$ git remote add origin git@github.com:GauravSaymi/system-onboarding-lab.git

gaura@GauravSylvia MINGW64 /c/GitProjects/system-onboarding-lab (setup)
$ git remote -v
origin  git@github.com:GauravSaymi/system-onboarding-lab.git (fetch)
origin  git@github.com:GauravSaymi/system-onboarding-lab.git (push)

gaura@GauravSylvia MINGW64 /c/GitProjects/system-onboarding-lab (setup)
$

gaura@GauravSylvia MINGW64 /c/GitProjects/system-onboarding-lab (setup)
$ git push -u origin setup
ERROR: Repository not found.
fatal: Could not read from remote repository.

Please make sure you have the correct access rights
and the repository exists.

gaura@GauravSylvia MINGW64 /c/GitProjects/system-onboarding-lab (setup)
$ git remote -v
origin  git@github.com:GauravSaymi/system-onboarding-lab.git (fetch)
origin  git@github.com:GauravSaymi/system-onboarding-lab.git (push)

gaura@GauravSylvia MINGW64 /c/GitProjects/system-onboarding-lab (setup)
$ ssh -T git@github.com
Hi gs-sage! You've successfully authenticated, but GitHub does not provide shell access.

gaura@GauravSylvia MINGW64 /c/GitProjects/system-onboarding-lab (setup)
$ git remote -v
origin  git@github.com:GauravSaymi/system-onboarding-lab.git (fetch)
origin  git@github.com:GauravSaymi/system-onboarding-lab.git (push)

gaura@GauravSylvia MINGW64 /c/GitProjects/system-onboarding-lab (setup)
$

gaura@GauravSylvia MINGW64 /c/GitProjects/system-onboarding-lab (setup)
$ git remote set-url origin git@github.com:gs-sage/system-onboarding-lab.git

gaura@GauravSylvia MINGW64 /c/GitProjects/system-onboarding-lab (setup)
$

gaura@GauravSylvia MINGW64 /c/GitProjects/system-onboarding-lab (setup)
$ git remote -v
origin  git@github.com:gs-sage/system-onboarding-lab.git (fetch)
origin  git@github.com:gs-sage/system-onboarding-lab.git (push)

gaura@GauravSylvia MINGW64 /c/GitProjects/system-onboarding-lab (setup)
$

gaura@GauravSylvia MINGW64 /c/GitProjects/system-onboarding-lab (setup)
$ ls
README.md

gaura@GauravSylvia MINGW64 /c/GitProjects/system-onboarding-lab (setup)
$

gaura@GauravSylvia MINGW64 /c/GitProjects/system-onboarding-lab (setup)
$ ls -a
./  ../  .git/  .gitignore  README.md

gaura@GauravSylvia MINGW64 /c/GitProjects/system-onboarding-lab (setup)
$

gaura@GauravSylvia MINGW64 /c/GitProjects/system-onboarding-lab (setup)
$ ls -al
total 10
drwxr-xr-x 1 gaura 197609   0 Oct  7 22:19 ./
drwxr-xr-x 1 gaura 197609   0 Oct  7 21:38 ../
drwxr-xr-x 1 gaura 197609   0 Oct  7 22:28 .git/
-rw-r--r-- 1 gaura 197609  34 Oct  7 22:19 .gitignore
-rw-r--r-- 1 gaura 197609 139 Oct  7 22:19 README.md

gaura@GauravSylvia MINGW64 /c/GitProjects/system-onboarding-lab (setup)
$

gaura@GauravSylvia MINGW64 /c/GitProjects/system-onboarding-lab (setup)
$ df -h
Filesystem            Size  Used Avail Use% Mounted on
C:/Program Files/Git  476G  105G  372G  23% /

gaura@GauravSylvia MINGW64 /c/GitProjects/system-onboarding-lab (setup)
$

gaura@GauravSylvia MINGW64 /c/GitProjects/system-onboarding-lab (setup)
$ git push -u origin setup
Enumerating objects: 6, done.
Counting objects: 100% (6/6), done.
Delta compression using up to 8 threads
Compressing objects: 100% (3/3), done.
Writing objects: 100% (6/6), 568 bytes | 94.00 KiB/s, done.
Total 6 (delta 0), reused 0 (delta 0), pack-reused 0 (from 0)
To github.com:gs-sage/system-onboarding-lab.git
 * [new branch]      setup -> setup
branch 'setup' set up to track 'origin/setup'.

gaura@GauravSylvia MINGW64 /c/GitProjects/system-onboarding-lab (setup)
$ ls
README.md

gaura@GauravSylvia MINGW64 /c/GitProjects/system-onboarding-lab (setup)
$ cat README.md
# System Onboarding Lab
Repository to simulate DevOps onboarding setup.

## Projects
- 01-git-setup
- 02-linux-scripts
- 03-python-tests



gaura@GauravSylvia MINGW64 /c/GitProjects/system-onboarding-lab (setup)
$

gaura@GauravSylvia MINGW64 /c/GitProjects/system-onboarding-lab (setup)
$ git add README.md

gaura@GauravSylvia MINGW64 /c/GitProjects/system-onboarding-lab (setup)
$ git push -u origin setup
branch 'setup' set up to track 'origin/setup'.
Everything up-to-date

gaura@GauravSylvia MINGW64 /c/GitProjects/system-onboarding-lab (setup)
$ vi README.md

gaura@GauravSylvia MINGW64 /c/GitProjects/system-onboarding-lab (setup)
$

gaura@GauravSylvia MINGW64 /c/GitProjects/system-onboarding-lab (setup)
$ git add README.md

gaura@GauravSylvia MINGW64 /c/GitProjects/system-onboarding-lab (setup)
$ git commit -m "chore: removed whitespace after project name"
On branch setup
Your branch is up to date with 'origin/setup'.

Changes not staged for commit:
  (use "git add <file>..." to update what will be committed)
  (use "git restore <file>..." to discard changes in working directory)
        modified:   Readme.md

no changes added to commit (use "git add" and/or "git commit -a")

gaura@GauravSylvia MINGW64 /c/GitProjects/system-onboarding-lab (setup)
$ git add README.md

gaura@GauravSylvia MINGW64 /c/GitProjects/system-onboarding-lab (setup)
$ git add
Nothing specified, nothing added.
hint: Maybe you wanted to say 'git add .'?
hint: Disable this message with "git config set advice.addEmptyPathspec false"

gaura@GauravSylvia MINGW64 /c/GitProjects/system-onboarding-lab (setup)
$ git add .
warning: in the working copy of 'Readme.md', LF will be replaced by CRLF the next time Git touches it

gaura@GauravSylvia MINGW64 /c/GitProjects/system-onboarding-lab (setup)
$ git commit -m "chore: removed whitespace after project name"
[setup 1b84173] chore: removed whitespace after project name
 1 file changed, 6 insertions(+)

gaura@GauravSylvia MINGW64 /c/GitProjects/system-onboarding-lab (setup)
$ git push -u origin setup
Enumerating objects: 5, done.
Counting objects: 100% (5/5), done.
Delta compression using up to 8 threads
Compressing objects: 100% (3/3), done.
Writing objects: 100% (3/3), 416 bytes | 208.00 KiB/s, done.
Total 3 (delta 0), reused 0 (delta 0), pack-reused 0 (from 0)
To github.com:gs-sage/system-onboarding-lab.git
   928f505..1b84173  setup -> setup
branch 'setup' set up to track 'origin/setup'.

gaura@GauravSylvia MINGW64 /c/GitProjects/system-onboarding-lab (setup)
$ git status
On branch setup
Your branch is up to date with 'origin/setup'.

nothing to commit, working tree clean

gaura@GauravSylvia MINGW64 /c/GitProjects/system-onboarding-lab (setup)
$ git diff

gaura@GauravSylvia MINGW64 /c/GitProjects/system-onboarding-lab (setup)
$ git branch
  master
* setup

gaura@GauravSylvia MINGW64 /c/GitProjects/system-onboarding-lab (setup)
$ git branch -r
  origin/setup

gaura@GauravSylvia MINGW64 /c/GitProjects/system-onboarding-lab (setup)
$ git checkout master
Switched to branch 'master'

gaura@GauravSylvia MINGW64 /c/GitProjects/system-onboarding-lab (master)
$ ls
Readme.md

gaura@GauravSylvia MINGW64 /c/GitProjects/system-onboarding-lab (master)
$ cat Readme.md




















































From github.com:gs-sage/system-onboarding-lab
 * branch            setup      -> FETCH_HEAD
Merge made by the 'ort' strategy.
 .gitignore | 4 ++++
 Readme.md  | 6 ++++++
 2 files changed, 10 insertions(+)
 create mode 100644 .gitignore

gaura@GauravSylvia MINGW64 /c/GitProjects/system-onboarding-lab (master)
$

gaura@GauravSylvia MINGW64 /c/GitProjects/system-onboarding-lab (master)
$ ls
Readme.md  infoFile.txt

gaura@GauravSylvia MINGW64 /c/GitProjects/system-onboarding-lab (master)
$ cat Readme.md
# System Onboarding Lab
Repository to simulate DevOps onboarding setup.

## Projects
- 01-git-setup
- 02-linux-scripts
- 03-python-tests

gaura@GauravSylvia MINGW64 /c/GitProjects/system-onboarding-lab (master)
$

gaura@GauravSylvia MINGW64 /c/GitProjects/system-onboarding-lab (master)
$ ls -al
total 11
drwxr-xr-x 1 gaura 197609   0 Oct  7 22:46 ./
drwxr-xr-x 1 gaura 197609   0 Oct  7 21:38 ../
drwxr-xr-x 1 gaura 197609   0 Oct  7 22:47 .git/
-rw-r--r-- 1 gaura 197609  38 Oct  7 22:46 .gitignore
-rw-r--r-- 1 gaura 197609 144 Oct  7 22:46 Readme.md
-rw-r--r-- 1 gaura 197609 146 Oct  7 22:39 infoFile.txt

gaura@GauravSylvia MINGW64 /c/GitProjects/system-onboarding-lab (master)
$

gaura@GauravSylvia MINGW64 /c/GitProjects/system-onboarding-lab (master)
$

gaura@GauravSylvia MINGW64 /c/GitProjects/system-onboarding-lab (master)
$ git checkout seutp
error: pathspec 'seutp' did not match any file(s) known to git

gaura@GauravSylvia MINGW64 /c/GitProjects/system-onboarding-lab (master)
$ git checkout setup
Switched to branch 'setup'
Your branch is up to date with 'origin/setup'.

gaura@GauravSylvia MINGW64 /c/GitProjects/system-onboarding-lab (setup)
$ git merge master
Updating 1b84173..346c96d
Fast-forward
 infoFile.txt | 4 ++++
 1 file changed, 4 insertions(+)
 create mode 100644 infoFile.txt

gaura@GauravSylvia MINGW64 /c/GitProjects/system-onboarding-lab (setup)
$ git push -u origin setup
Enumerating objects: 4, done.
Counting objects: 100% (4/4), done.
Delta compression using up to 8 threads
Compressing objects: 100% (2/2), done.
Writing objects: 100% (2/2), 376 bytes | 188.00 KiB/s, done.
Total 2 (delta 0), reused 0 (delta 0), pack-reused 0 (from 0)
To github.com:gs-sage/system-onboarding-lab.git
   1b84173..346c96d  setup -> setup
branch 'setup' set up to track 'origin/setup'.

gaura@GauravSylvia MINGW64 /c/GitProjects/system-onboarding-lab (setup)
$ git checkout master
Switched to branch 'master'
Your branch is ahead of 'origin/master' by 3 commits.
  (use "git push" to publish your local commits)

gaura@GauravSylvia MINGW64 /c/GitProjects/system-onboarding-lab (master)
$ ls
Readme.md  infoFile.txt

gaura@GauravSylvia MINGW64 /c/GitProjects/system-onboarding-lab (master)
$

gaura@GauravSylvia MINGW64 /c/GitProjects/system-onboarding-lab (master)
$ git push -u origin master
Total 0 (delta 0), reused 0 (delta 0), pack-reused 0 (from 0)
To github.com:gs-sage/system-onboarding-lab.git
   72308f9..346c96d  master -> master
branch 'master' set up to track 'origin/master'.

gaura@GauravSylvia MINGW64 /c/GitProjects/system-onboarding-lab (master)
$

gaura@GauravSylvia MINGW64 /c/GitProjects/system-onboarding-lab (master)
$ git checkout setup
Switched to branch 'setup'
Your branch is up to date with 'origin/setup'.

gaura@GauravSylvia MINGW64 /c/GitProjects/system-onboarding-lab (setup)
$ git checkout mster
error: pathspec 'mster' did not match any file(s) known to git

gaura@GauravSylvia MINGW64 /c/GitProjects/system-onboarding-lab (setup)
$ git checkout master
Switched to branch 'master'
Your branch is up to date with 'origin/master'.

gaura@GauravSylvia MINGW64 /c/GitProjects/system-onboarding-lab (master)
$

gaura@GauravSylvia MINGW64 /c/GitProjects/system-onboarding-lab (master)
$ git pull origin master'
> ^C

gaura@GauravSylvia MINGW64 /c/GitProjects/system-onboarding-lab (master)
$ git pull origin master
From github.com:gs-sage/system-onboarding-lab
 * branch            master     -> FETCH_HEAD
Already up to date.

gaura@GauravSylvia MINGW64 /c/GitProjects/system-onboarding-lab (master)
$ git branch -a
* master
  setup
  remotes/origin/master
  remotes/origin/setup

gaura@GauravSylvia MINGW64 /c/GitProjects/system-onboarding-lab (master)
$ git branch -d setup
Deleted branch setup (was 346c96d).

gaura@GauravSylvia MINGW64 /c/GitProjects/system-onboarding-lab (master)
$ git branch
* master

gaura@GauravSylvia MINGW64 /c/GitProjects/system-onboarding-lab (master)
$

gaura@GauravSylvia MINGW64 /c/GitProjects/system-onboarding-lab (master)
$

gaura@GauravSylvia MINGW64 /c/GitProjects/system-onboarding-lab (master)
$ git push origin --delete setup
To github.com:gs-sage/system-onboarding-lab.git
 ! [remote rejected] setup (refusing to delete the current branch: refs/heads/setup)
error: failed to push some refs to 'github.com:gs-sage/system-onboarding-lab.git'

gaura@GauravSylvia MINGW64 /c/GitProjects/system-onboarding-lab (master)
$ git push origin --delete setup
To github.com:gs-sage/system-onboarding-lab.git
 - [deleted]         setup

gaura@GauravSylvia MINGW64 /c/GitProjects/system-onboarding-lab (master)
$

gaura@GauravSylvia MINGW64 /c/GitProjects/system-onboarding-lab (master)
$ git branch
* master

gaura@GauravSylvia MINGW64 /c/GitProjects/system-onboarding-lab (master)
$ top -c
bash: top: command not found

gaura@GauravSylvia MINGW64 /c/GitProjects/system-onboarding-lab (master)
$
